
> warqandqlam@0.1.0 dev
> next dev

▲ Next.js 16.2.9 (Turbopack)
- Local:         http://localhost:3000
- Network:       http://192.168.8.49:3000
✓ Ready in 665ms

 GET /products/products-page-pen-1 200 in 836ms
 GET /products/products-page-pen-1 200 in 138ms (next.js: 22ms, generate-params: 12ms, application-code: 116ms)
 GET /products/products-page-pen-1 200 in 84ms (next.js: 12ms, generate-params: 6ms, application-code: 73ms)
 GET /products/products-page-pen-1 200 in 69ms (next.js: 11ms, generate-params: 6ms, application-code: 58ms)
 GET /products/products-page-pen-1 200 in 72ms (next.js: 11ms, generate-params: 6ms, application-code: 61ms)
 GET /products/products-page-pen-1 200 in 85ms (next.js: 14ms, generate-params: 7ms, application-code: 71ms)
 GET /products/products-page-pen-1 200 in 90ms (next.js: 15ms, generate-params: 9ms, application-code: 75ms)
 GET /products/products-page-pen-1 200 in 72ms (next.js: 12ms, generate-params: 6ms, application-code: 60ms)
 GET /products/products-page-pen-1 200 in 81ms (next.js: 14ms, generate-params: 8ms, application-code: 67ms)
 GET /products/products-page-pen-1 200 in 85ms (next.js: 14ms, generate-params: 6ms, application-code: 70ms)
✓ Compiled in 476ms
 GET /products/products-page-pen-1 200 in 192ms (next.js: 133ms, generate-params: 8ms, application-code: 59ms)
 GET /products/products-page-pen-1 200 in 385ms (next.js: 11ms, generate-params: 6ms, application-code: 374ms)
 GET /products/products-page-pen-1 200 in 96ms (next.js: 21ms, generate-params: 11ms, application-code: 75ms)
✓ Compiled in 45ms
 GET /products/products-page-pen-1 200 in 123ms (next.js: 81ms, generate-params: 5ms, application-code: 42ms)
 GET /products/products-page-pen-1 200 in 326ms (next.js: 17ms, generate-params: 10ms, application-code: 309ms)
✓ Compiled in 54ms
 GET /products/products-page-pen-1 200 in 196ms (next.js: 123ms, generate-params: 11ms, application-code: 73ms)
 GET /products/products-page-pen-1 200 in 530ms (next.js: 13ms, generate-params: 7ms, application-code: 517ms)
✓ Compiled in 92ms
 GET /products/products-page-pen-1 200 in 172ms (next.js: 111ms, generate-params: 8ms, application-code: 61ms)
✓ Compiled in 54ms
 GET /products/products-page-pen-1 200 in 122ms (next.js: 86ms, generate-params: 6ms, application-code: 36ms)
 GET /products/products-page-pen-1 200 in 323ms (next.js: 10ms, generate-params: 5ms, application-code: 313ms)
 GET /products/products-page-pen-1 200 in 73ms (next.js: 10ms, generate-params: 5ms, application-code: 62ms)
✓ Compiled in 211ms
✓ Compiled in 161ms
✓ Compiled in 102ms
 GET / 200 in 516ms (next.js: 346ms, application-code: 170ms)
 GET / 200 in 79ms (next.js: 5ms, application-code: 75ms)
 GET /products 200 in 81ms (next.js: 48ms, application-code: 34ms)
 GET /products/products-page-pen-1 200 in 35ms (next.js: 13ms, generate-params: 7ms, application-code: 22ms)
 GET /products/products-page-pen-1 200 in 77ms (next.js: 11ms, generate-params: 7ms, application-code: 65ms)
✓ Compiled in 173ms
✓ Compiled in 1425ms
 GET /products/products-page-pen-1 200 in 1677ms (next.js: 1298ms, generate-params: 9ms, application-code: 379ms)
 GET /products/products-page-pen-1 200 in 287ms (next.js: 79ms, generate-params: 40µs, application-code: 209ms)
 GET /products/products-page-pen-1 200 in 179ms (next.js: 6ms, generate-params: 27µs, application-code: 173ms)
 GET /products/products-page-pen-1 200 in 180ms (next.js: 30ms, generate-params: 22µs, application-code: 150ms)
 GET /products/products-page-pen-1 200 in 182ms (next.js: 53ms, generate-params: 21µs, application-code: 128ms)
 GET /products/products-page-pen-1 200 in 183ms (next.js: 79ms, generate-params: 21µs, application-code: 104ms)
 GET /products/products-page-pen-1 200 in 211ms (next.js: 20ms, generate-params: 46µs, application-code: 191ms)
 GET /products/products-page-pen-1 200 in 278ms (next.js: 99ms, generate-params: 64µs, application-code: 179ms)
 GET /products/products-page-pen-1 200 in 137ms (next.js: 47ms, generate-params: 20µs, application-code: 91ms)
 GET /products/products-page-pen-1 200 in 140ms (next.js: 6ms, generate-params: 23µs, application-code: 134ms)
 GET /products/products-page-pen-1 200 in 140ms (next.js: 27ms, generate-params: 20µs, application-code: 113ms)
 GET /products/products-page-pen-1 200 in 139ms (next.js: 68ms, generate-params: 20µs, application-code: 71ms)
 GET /products/products-page-pen-1 200 in 71ms (next.js: 11ms, generate-params: 5ms, application-code: 60ms)
 GET /products/products-page-pen-1 200 in 216ms (next.js: 5ms, generate-params: 24µs, application-code: 211ms)
 GET /products/products-page-pen-1 200 in 194ms (next.js: 26ms, generate-params: 19µs, application-code: 167ms)
 GET /products/products-page-pen-1 200 in 195ms (next.js: 5ms, generate-params: 16µs, application-code: 191ms)
 GET /products/products-page-pen-1 200 in 197ms (next.js: 52ms, generate-params: 51µs, application-code: 146ms)
 GET /products/products-page-pen-1 200 in 152ms (next.js: 32ms, generate-params: 36µs, application-code: 120ms)
 GET /products/products-page-pen-1 200 in 109ms (next.js: 5ms, generate-params: 24µs, application-code: 104ms)
 GET /products/products-page-pen-1 200 in 159ms (next.js: 6ms, generate-params: 20µs, application-code: 153ms)
 GET /products/products-page-pen-1 200 in 133ms (next.js: 6ms, generate-params: 23µs, application-code: 127ms)
 GET /products/products-page-pen-1 200 in 135ms (next.js: 28ms, generate-params: 20µs, application-code: 107ms)
 GET /products/products-page-pen-1 200 in 87ms (next.js: 6ms, generate-params: 21µs, application-code: 80ms)
 GET /products/products-page-pen-1 200 in 61ms (next.js: 7ms, generate-params: 20µs, application-code: 55ms)
 GET /products/products-page-pen-1 200 in 85ms (next.js: 4ms, generate-params: 19µs, application-code: 81ms)
 GET /products/products-page-pen-1 200 in 174ms (next.js: 6ms, generate-params: 19µs, application-code: 167ms)
 GET /products/products-page-pen-1 200 in 151ms (next.js: 5ms, generate-params: 22µs, application-code: 146ms)
 GET /products/products-page-pen-1 200 in 151ms (next.js: 27ms, generate-params: 18µs, application-code: 124ms)
 GET /products/products-page-pen-1 200 in 109ms (next.js: 15ms, generate-params: 5ms, application-code: 94ms)
 GET /products/products-page-pen-1 200 in 101ms (next.js: 7ms, generate-params: 21µs, application-code: 94ms)
 GET /products/products-page-pen-1 200 in 111ms (next.js: 4ms, generate-params: 17µs, application-code: 107ms)
 GET /products/products-page-pen-1 200 in 167ms (next.js: 7ms, generate-params: 21µs, application-code: 160ms)
 GET /products/products-page-pen-1 200 in 139ms (next.js: 6ms, generate-params: 22µs, application-code: 133ms)
 GET /products/products-page-pen-1 200 in 118ms (next.js: 5ms, generate-params: 21µs, application-code: 112ms)
 GET /products/products-page-pen-1 200 in 95ms (next.js: 5ms, generate-params: 19µs, application-code: 89ms)
 GET /products/products-page-pen-1 200 in 92ms (next.js: 4ms, generate-params: 22µs, application-code: 87ms)
 GET /products/products-page-pen-1 200 in 110ms (next.js: 4ms, generate-params: 20µs, application-code: 106ms)
 GET /products/products-page-pen-1 200 in 127ms (next.js: 7ms, generate-params: 32µs, application-code: 120ms)
 GET /products/products-page-pen-1 200 in 129ms (next.js: 5ms, generate-params: 22µs, application-code: 124ms)
 GET /products/products-page-pen-1 200 in 109ms (next.js: 4ms, generate-params: 23µs, application-code: 105ms)
 GET /products/products-page-pen-1 200 in 88ms (next.js: 5ms, generate-params: 19µs, application-code: 83ms)
 GET /products/products-page-pen-1 200 in 90ms (next.js: 4ms, generate-params: 23µs, application-code: 86ms)
 GET /products/products-page-pen-1 200 in 130ms (next.js: 5ms, generate-params: 21µs, application-code: 125ms)
 GET /products/products-page-pen-1 200 in 147ms (next.js: 5ms, generate-params: 20µs, application-code: 142ms)
 GET /products/products-page-pen-1 200 in 152ms (next.js: 4ms, generate-params: 21µs, application-code: 148ms)
 GET /products/products-page-pen-1 200 in 131ms (next.js: 11ms, generate-params: 5ms, application-code: 121ms)
 GET /products/products-page-pen-1 200 in 99ms (next.js: 9ms, generate-params: 20µs, application-code: 90ms)
 GET /products/products-page-pen-1 200 in 131ms (next.js: 4ms, generate-params: 19µs, application-code: 126ms)
 GET /products/products-page-pen-1 200 in 159ms (next.js: 6ms, generate-params: 31µs, application-code: 153ms)
 GET /products/products-page-pen-1 200 in 152ms (next.js: 7ms, generate-params: 40µs, application-code: 144ms)
 GET /products/products-page-pen-1 200 in 141ms (next.js: 5ms, generate-params: 21µs, application-code: 136ms)
 GET /products/products-page-pen-1 200 in 120ms (next.js: 5ms, generate-params: 21µs, application-code: 115ms)
 GET /products/products-page-pen-1 200 in 99ms (next.js: 4ms, generate-params: 28µs, application-code: 95ms)
 GET /products/products-page-pen-1 200 in 124ms (next.js: 5ms, generate-params: 21µs, application-code: 120ms)
 GET /products/products-page-pen-1 200 in 127ms (next.js: 5ms, generate-params: 21µs, application-code: 122ms)
 GET /products/products-page-pen-1 200 in 144ms (next.js: 8ms, generate-params: 30µs, application-code: 135ms)
 GET /products/products-page-pen-1 200 in 136ms (next.js: 5ms, generate-params: 20µs, application-code: 131ms)
 GET /products/products-page-pen-1 200 in 113ms (next.js: 5ms, generate-params: 21µs, application-code: 108ms)
 GET /products/products-page-pen-1 200 in 113ms (next.js: 6ms, generate-params: 20µs, application-code: 107ms)
 GET /products/products-page-pen-1 200 in 122ms (next.js: 7ms, generate-params: 49µs, application-code: 115ms)
 GET /products/products-page-pen-1 200 in 138ms (next.js: 5ms, generate-params: 26µs, application-code: 133ms)
 GET /products/products-page-pen-1 200 in 158ms (next.js: 5ms, generate-params: 19µs, application-code: 153ms)
 GET /products/products-page-pen-1 200 in 133ms (next.js: 11ms, generate-params: 6ms, application-code: 121ms)
 GET /products/products-page-pen-1 200 in 120ms (next.js: 6ms, generate-params: 21µs, application-code: 114ms)
 GET /products/products-page-pen-1 200 in 84ms (next.js: 5ms, generate-params: 20µs, application-code: 78ms)
 GET /products/products-page-pen-1 200 in 107ms (next.js: 4ms, generate-params: 23µs, application-code: 103ms)
 GET /products/products-page-pen-1 200 in 103ms (next.js: 5ms, generate-params: 19µs, application-code: 98ms)
 GET /products/products-page-pen-1 200 in 118ms (next.js: 5ms, generate-params: 19µs, application-code: 113ms)
 GET /products/products-page-pen-1 200 in 98ms (next.js: 4ms, generate-params: 21µs, application-code: 94ms)
 GET /products/products-page-pen-1 200 in 93ms (next.js: 4ms, generate-params: 17µs, application-code: 89ms)
 GET /products/products-page-pen-1 200 in 94ms (next.js: 4ms, generate-params: 21µs, application-code: 90ms)
 GET /products/products-page-pen-1 200 in 95ms (next.js: 4ms, generate-params: 18µs, application-code: 91ms)
 GET /products/products-page-pen-1 200 in 97ms (next.js: 4ms, generate-params: 18µs, application-code: 94ms)
 GET /products/products-page-pen-1 200 in 119ms (next.js: 4ms, generate-params: 20µs, application-code: 116ms)
 GET /products/products-page-pen-1 200 in 101ms (next.js: 5ms, generate-params: 19µs, application-code: 97ms)
 GET /products/products-page-pen-1 200 in 111ms (next.js: 4ms, generate-params: 19µs, application-code: 106ms)
 GET /products/products-page-pen-1 200 in 139ms (next.js: 6ms, generate-params: 20µs, application-code: 133ms)
 GET /products/products-page-pen-1 200 in 115ms (next.js: 4ms, generate-params: 19µs, application-code: 111ms)
 GET /products/products-page-pen-1 200 in 118ms (next.js: 5ms, generate-params: 19µs, application-code: 113ms)
 GET /products/products-page-pen-1 200 in 126ms (next.js: 10ms, generate-params: 5ms, application-code: 116ms)
 GET /products/products-page-pen-1 200 in 125ms (next.js: 31ms, generate-params: 17µs, application-code: 95ms)
 GET /products/products-page-pen-1 200 in 98ms (next.js: 5ms, generate-params: 29µs, application-code: 93ms)
 GET /products/products-page-pen-1 200 in 118ms (next.js: 4ms, generate-params: 22µs, application-code: 114ms)
 GET /products/products-page-pen-1 200 in 100ms (next.js: 4ms, generate-params: 19µs, application-code: 96ms)
 GET /products/products-page-pen-1 200 in 100ms (next.js: 4ms, generate-params: 20µs, application-code: 96ms)
 GET /products/products-page-pen-1 200 in 122ms (next.js: 4ms, generate-params: 19µs, application-code: 118ms)
 GET /products/products-page-pen-1 200 in 122ms (next.js: 26ms, generate-params: 21µs, application-code: 96ms)
 GET /products/products-page-pen-1 200 in 98ms (next.js: 5ms, generate-params: 140µs, application-code: 93ms)
 GET /products/products-page-pen-1 200 in 74ms (next.js: 4ms, generate-params: 18µs, application-code: 70ms)
 GET /products/products-page-pen-1 200 in 75ms (next.js: 4ms, generate-params: 20µs, application-code: 71ms)
 GET /products/products-page-pen-1 200 in 54ms (next.js: 3ms, generate-params: 17µs, application-code: 51ms)
 GET /products/products-page-pen-1 200 in 135ms (next.js: 4ms, generate-params: 19µs, application-code: 131ms)
 GET /products/products-page-pen-1 200 in 139ms (next.js: 5ms, generate-params: 48µs, application-code: 134ms)
 GET /products/products-page-pen-1 200 in 139ms (next.js: 24ms, generate-params: 25µs, application-code: 115ms)
 GET /products/products-page-pen-1 200 in 139ms (next.js: 46ms, generate-params: 18µs, application-code: 94ms)
 GET /products/products-page-pen-1 200 in 87ms (next.js: 4ms, generate-params: 20µs, application-code: 82ms)
 GET /products/products-page-pen-1 200 in 67ms (next.js: 12ms, generate-params: 5ms, application-code: 55ms)
 GET /products/products-page-pen-1 200 in 124ms (next.js: 6ms, generate-params: 19µs, application-code: 118ms)
 GET /products/products-page-pen-1 200 in 118ms (next.js: 5ms, generate-params: 18µs, application-code: 113ms)
 GET /products/products-page-pen-1 200 in 119ms (next.js: 26ms, generate-params: 21µs, application-code: 93ms)
 GET /products/products-page-pen-1 200 in 119ms (next.js: 45ms, generate-params: 18µs, application-code: 74ms)
 GET /products/products-page-pen-1 200 in 77ms (next.js: 5ms, generate-params: 20µs, application-code: 72ms)
 GET /products/products-page-pen-1 200 in 58ms (next.js: 4ms, generate-params: 24µs, application-code: 53ms)
 GET /products/products-page-pen-1 200 in 123ms (next.js: 6ms, generate-params: 45µs, application-code: 117ms)
 GET /products/products-page-pen-1 200 in 129ms (next.js: 4ms, generate-params: 20µs, application-code: 124ms)
 GET /products/products-page-pen-1 200 in 129ms (next.js: 44ms, generate-params: 22µs, application-code: 85ms)
 GET /products/products-page-pen-1 200 in 130ms (next.js: 25ms, generate-params: 19µs, application-code: 105ms)
 GET /products/products-page-pen-1 200 in 93ms (next.js: 4ms, generate-params: 25µs, application-code: 89ms)
 GET /products/products-page-pen-1 200 in 72ms (next.js: 5ms, generate-params: 17µs, application-code: 68ms)
 GET /products/products-page-pen-1 200 in 176ms (next.js: 7ms, generate-params: 22µs, application-code: 169ms)
 GET /products/products-page-pen-1 200 in 145ms (next.js: 32ms, generate-params: 23µs, application-code: 113ms)
 GET /products/products-page-pen-1 200 in 148ms (next.js: 9ms, generate-params: 27µs, application-code: 139ms)
 GET /products/products-page-pen-1 200 in 147ms (next.js: 54ms, generate-params: 21µs, application-code: 93ms)
 GET /products/products-page-pen-1 200 in 91ms (next.js: 12ms, generate-params: 6ms, application-code: 78ms)
 GET /products/products-page-pen-1 200 in 90ms (next.js: 36ms, generate-params: 19µs, application-code: 53ms)
 GET /products/products-page-pen-1 200 in 159ms (next.js: 6ms, generate-params: 18µs, application-code: 152ms)
 GET /products/products-page-pen-1 200 in 133ms (next.js: 4ms, generate-params: 42µs, application-code: 129ms)
 GET /products/products-page-pen-1 200 in 133ms (next.js: 52ms, generate-params: 20µs, application-code: 82ms)
 GET /products/products-page-pen-1 200 in 135ms (next.js: 26ms, generate-params: 30µs, application-code: 109ms)
 GET /products/products-page-pen-1 200 in 94ms (next.js: 4ms, generate-params: 17µs, application-code: 90ms)
 GET /products/products-page-pen-1 200 in 96ms (next.js: 34ms, generate-params: 36µs, application-code: 62ms)
 GET /products/products-page-pen-1 200 in 158ms (next.js: 6ms, generate-params: 19µs, application-code: 153ms)
 GET /products/products-page-pen-1 200 in 148ms (next.js: 5ms, generate-params: 34µs, application-code: 143ms)
 GET /products/products-page-pen-1 200 in 148ms (next.js: 53ms, generate-params: 18µs, application-code: 95ms)
 GET /products/products-page-pen-1 200 in 149ms (next.js: 28ms, generate-params: 20µs, application-code: 121ms)
 GET /products/products-page-pen-1 200 in 80ms (next.js: 4ms, generate-params: 19µs, application-code: 76ms)
 GET /products/products-page-pen-1 200 in 61ms (next.js: 5ms, generate-params: 16µs, application-code: 56ms)
 GET /products/products-page-pen-1 200 in 157ms (next.js: 6ms, generate-params: 17µs, application-code: 151ms)
 GET /products/products-page-pen-1 200 in 152ms (next.js: 5ms, generate-params: 18µs, application-code: 147ms)
 GET /products/products-page-pen-1 200 in 174ms (next.js: 66ms, generate-params: 18µs, application-code: 108ms)
 GET /products/products-page-pen-1 200 in 175ms (next.js: 23ms, generate-params: 16µs, application-code: 152ms)
 GET /products/products-page-pen-1 200 in 88ms (next.js: 11ms, generate-params: 5ms, application-code: 78ms)
 GET /products/products-page-pen-1 200 in 61ms (next.js: 7ms, generate-params: 19µs, application-code: 54ms)
 GET /products/products-page-pen-1 200 in 176ms (next.js: 5ms, generate-params: 17µs, application-code: 171ms)
 GET /products/products-page-pen-1 200 in 158ms (next.js: 12ms, generate-params: 20µs, application-code: 146ms)
 GET /products/products-page-pen-1 200 in 178ms (next.js: 41ms, generate-params: 28µs, application-code: 137ms)
 GET /products/products-page-pen-1 200 in 144ms (next.js: 38ms, generate-params: 18µs, application-code: 106ms)
 GET /products/products-page-pen-1 200 in 89ms (next.js: 6ms, generate-params: 20µs, application-code: 84ms)
 GET /products/products-page-pen-1 200 in 68ms (next.js: 3ms, generate-params: 18µs, application-code: 65ms)
 GET /products/products-page-pen-1 200 in 126ms (next.js: 6ms, generate-params: 18µs, application-code: 120ms)
 GET /products/products-page-pen-1 200 in 121ms (next.js: 6ms, generate-params: 19µs, application-code: 115ms)
 GET /products/products-page-pen-1 200 in 143ms (next.js: 25ms, generate-params: 16µs, application-code: 118ms)
 GET /products/products-page-pen-1 200 in 102ms (next.js: 6ms, generate-params: 62µs, application-code: 96ms)
 GET /products/products-page-pen-1 200 in 78ms (next.js: 3ms, generate-params: 17µs, application-code: 75ms)
 GET /products/products-page-pen-1 200 in 80ms (next.js: 25ms, generate-params: 26µs, application-code: 55ms)
 GET /products/products-page-pen-1 200 in 118ms (next.js: 4ms, generate-params: 19µs, application-code: 113ms)
 GET /products/products-page-pen-1 200 in 140ms (next.js: 5ms, generate-params: 19µs, application-code: 136ms)
 GET /products/products-page-pen-1 200 in 162ms (next.js: 26ms, generate-params: 18µs, application-code: 136ms)
 GET /products/products-page-pen-1 200 in 116ms (next.js: 10ms, generate-params: 5ms, application-code: 106ms)
 GET /products/products-page-pen-1 200 in 88ms (next.js: 10ms, generate-params: 23µs, application-code: 78ms)
 GET /products/products-page-pen-1 200 in 85ms (next.js: 5ms, generate-params: 19µs, application-code: 80ms)
 GET /products/products-page-pen-1 200 in 163ms (next.js: 4ms, generate-params: 19µs, application-code: 159ms)
 GET /products/products-page-pen-1 200 in 164ms (next.js: 5ms, generate-params: 23µs, application-code: 159ms)
 GET /products/products-page-pen-1 200 in 151ms (next.js: 5ms, generate-params: 20µs, application-code: 145ms)
 GET /products/products-page-pen-1 200 in 151ms (next.js: 31ms, generate-params: 29µs, application-code: 119ms)
 GET /products/products-page-pen-1 200 in 98ms (next.js: 6ms, generate-params: 23µs, application-code: 92ms)
 GET /products/products-page-pen-1 200 in 87ms (next.js: 4ms, generate-params: 22µs, application-code: 82ms)
 GET /products/products-page-pen-1 200 in 139ms (next.js: 5ms, generate-params: 55µs, application-code: 134ms)
 GET /products/products-page-pen-1 200 in 141ms (next.js: 4ms, generate-params: 17µs, application-code: 136ms)
 GET /products/products-page-pen-1 200 in 140ms (next.js: 5ms, generate-params: 26µs, application-code: 135ms)
 GET /products/products-page-pen-1 200 in 118ms (next.js: 5ms, generate-params: 22µs, application-code: 112ms)
 GET /products/products-page-pen-1 200 in 119ms (next.js: 28ms, generate-params: 33µs, application-code: 90ms)
 GET /products/products-page-pen-1 200 in 96ms (next.js: 6ms, generate-params: 22µs, application-code: 91ms)
 GET /products/products-page-pen-1 200 in 92ms (next.js: 5ms, generate-params: 19µs, application-code: 87ms)
 GET /products/products-page-pen-1 200 in 58ms (next.js: 8ms, generate-params: 5ms, application-code: 50ms)
 GET /products/products-page-pen-1 200 in 26ms (next.js: 4ms, generate-params: 19µs, application-code: 22ms)
 GET /order/success 200 in 2.5s (next.js: 2.2s, application-code: 306ms)
 GET /order/success 200 in 65ms (next.js: 7ms, application-code: 58ms)
 GET /order/success 200 in 43ms (next.js: 4ms, application-code: 40ms)
✓ Compiled in 78ms
 GET /products/products-page-pen-1 200 in 179ms (next.js: 111ms, generate-params: 5ms, application-code: 68ms)
 GET /products/products-page-pen-1 200 in 84ms (next.js: 5ms, generate-params: 17µs, application-code: 79ms)
 GET /products/products-page-pen-1 200 in 53ms (next.js: 5ms, generate-params: 16µs, application-code: 48ms)
 GET /products/products-page-pen-1 200 in 53ms (next.js: 29ms, generate-params: 20µs, application-code: 25ms)
 GET /order/success 200 in 420ms (next.js: 175ms, application-code: 244ms)
 GET /order/success 200 in 48ms (next.js: 4ms, application-code: 44ms)
 GET /order/failed 200 in 912ms (next.js: 872ms, application-code: 41ms)
 GET /order/failed 200 in 47ms (next.js: 4ms, application-code: 43ms)
 GET /order/failed 200 in 50ms (next.js: 4ms, application-code: 45ms)
 GET /order/failed 200 in 42ms (next.js: 3ms, application-code: 38ms)
 GET /cart 200 in 72ms (next.js: 35ms, application-code: 37ms)
 GET /cart 200 in 53ms (next.js: 5ms, application-code: 48ms)
 GET /products 200 in 494ms (next.js: 199ms, application-code: 295ms)
 GET /products/products-page-pen-1 200 in 88ms (next.js: 11ms, generate-params: 6ms, application-code: 77ms)
 GET /cart 200 in 31ms (next.js: 5ms, application-code: 27ms)
 GET /products/products-page-pen-1 200 in 74ms (next.js: 13ms, generate-params: 6ms, application-code: 61ms)
 GET /products/products-page-pen-1 200 in 79ms (next.js: 10ms, generate-params: 7ms, application-code: 68ms)
 GET /products/products-page-pen-1 200 in 73ms (next.js: 13ms, generate-params: 8ms, application-code: 60ms)
 GET /products/products-page-pen-1 200 in 71ms (next.js: 12ms, generate-params: 7ms, application-code: 59ms)
 GET /products/products-page-pen-1 200 in 62ms (next.js: 11ms, generate-params: 7ms, application-code: 51ms)
✓ Compiled in 107ms
✓ Compiled in 79ms
✓ Compiled in 82ms
✓ Compiled in 100ms
 GET /cart 200 in 42ms (next.js: 5ms, application-code: 36ms)
 GET /products 200 in 64ms (next.js: 5ms, application-code: 58ms)
 GET /products/products-page-pen-1 200 in 67ms (next.js: 11ms, generate-params: 6ms, application-code: 56ms)
✓ Compiled in 106ms
✓ Compiled in 85ms
 GET /products/products-page-pen-1 200 in 79ms (next.js: 11ms, generate-params: 6ms, application-code: 67ms)
 GET /products/products-page-pen-1 200 in 103ms (next.js: 21ms, generate-params: 11ms, application-code: 82ms)
✓ Compiled in 127ms
✓ Compiled in 108ms
✓ Compiled in 801ms
 GET /cart 200 in 212ms (next.js: 68ms, application-code: 144ms)
 GET /cart 200 in 123ms (next.js: 4ms, application-code: 119ms)
 GET /products/products-page-pen-1 200 in 157ms (next.js: 45ms, generate-params: 5ms, application-code: 112ms)
 GET /cart 200 in 88ms (next.js: 5ms, application-code: 84ms)
 GET /cart 200 in 124ms (next.js: 26ms, application-code: 98ms)
 GET /cart 200 in 101ms (next.js: 8ms, application-code: 94ms)
 GET /products/products-page-pen-1 200 in 66ms (next.js: 5ms, generate-params: 20µs, application-code: 61ms)
 GET /products/products-page-pen-1 200 in 111ms (next.js: 3ms, generate-params: 23µs, application-code: 108ms)
 GET /products/products-page-pen-1 200 in 74ms (next.js: 7ms, generate-params: 31µs, application-code: 66ms)
 GET /products/products-page-pen-1 200 in 74ms (next.js: 37ms, generate-params: 23µs, application-code: 37ms)
 GET /cart 500 in 585ms (next.js: 70ms, application-code: 515ms)
 GET /products/products-page-pen-1 200 in 115ms (next.js: 51ms, generate-params: 12ms, application-code: 64ms)
 GET /products/products-page-pen-1 200 in 96ms (next.js: 17ms, generate-params: 10ms, application-code: 79ms)
✓ Compiled in 855ms
✓ Compiled in 168ms
 GET /products/products-page-pen-1 200 in 582ms (next.js: 212ms, generate-params: 5ms, application-code: 370ms)
 GET /cart 200 in 575ms (next.js: 104ms, application-code: 471ms)
 GET /products/products-page-pen-1 200 in 189ms (next.js: 6ms, generate-params: 36µs, application-code: 183ms)
 GET /products/products-page-pen-1 200 in 36ms (next.js: 7ms, generate-params: 18µs, application-code: 28ms)
 GET /products/products-page-pen-1 200 in 164ms (next.js: 48ms, generate-params: 29µs, application-code: 117ms)
 GET /products/products-page-pen-1 200 in 174ms (next.js: 11ms, generate-params: 56µs, application-code: 163ms)
 GET /products/products-page-pen-1 200 in 73ms (next.js: 12ms, generate-params: 5ms, application-code: 61ms)
✓ Compiled in 317ms
 GET /cart 200 in 208ms (next.js: 62ms, application-code: 146ms)
 GET /products/products-page-pen-1 200 in 119ms (next.js: 76ms, generate-params: 5ms, application-code: 43ms)
 GET /products/products-page-pen-1 200 in 366ms (next.js: 11ms, generate-params: 7ms, application-code: 355ms)
 GET /cart 200 in 234ms (next.js: 127ms, application-code: 108ms)
 GET /products/products-page-pen-1 200 in 73ms (next.js: 30ms, generate-params: 7ms, application-code: 42ms)
 GET /printing 200 in 280ms (next.js: 56ms, application-code: 223ms)
 GET /printing 200 in 75ms (next.js: 10ms, application-code: 65ms)
 GET /cart 200 in 50ms (next.js: 6ms, application-code: 44ms)
 GET /printing 200 in 44ms (next.js: 4ms, application-code: 40ms)
 GET /categories 200 in 200ms (next.js: 122ms, application-code: 78ms)
 GET /printing 200 in 62ms (next.js: 18ms, application-code: 44ms)
 GET /products 200 in 488ms (next.js: 426ms, application-code: 62ms)
 GET /products/products-page-pen-1 200 in 65ms (next.js: 19ms, generate-params: 13ms, application-code: 46ms)
 GET /cart 200 in 52ms (next.js: 6ms, application-code: 46ms)
✓ Compiled in 113ms
✓ Compiled in 93ms
 GET /printing 200 in 48ms (next.js: 5ms, application-code: 43ms)
✓ Compiled in 137ms
✓ Compiled in 332ms
 GET /cart 200 in 796ms (next.js: 204ms, application-code: 591ms)
 GET /cart 200 in 53ms (next.js: 23ms, application-code: 30ms)
 GET /products/products-page-pen-1 200 in 754ms (next.js: 578ms, generate-params: 6ms, application-code: 177ms)
 GET /cart 200 in 757ms (next.js: 122ms, application-code: 635ms)
 GET /products/products-page-pen-1 200 in 181ms (next.js: 6ms, generate-params: 38µs, application-code: 175ms)
 GET /products/products-page-pen-1 200 in 206ms (next.js: 46ms, generate-params: 24µs, application-code: 160ms)
 GET /products/products-page-pen-1 200 in 212ms (next.js: 14ms, generate-params: 16µs, application-code: 198ms)
 GET /products/products-page-pen-1 200 in 202ms (next.js: 6ms, generate-params: 20µs, application-code: 196ms)
 GET /products/products-page-pen-1 200 in 177ms (next.js: 8ms, generate-params: 47µs, application-code: 169ms)
 GET /products/products-page-pen-1 200 in 234ms (next.js: 48ms, generate-params: 47µs, application-code: 186ms)
 GET /products/products-page-pen-1 200 in 194ms (next.js: 13ms, generate-params: 20µs, application-code: 180ms)
 GET /products/products-page-pen-1 200 in 196ms (next.js: 8ms, generate-params: 20µs, application-code: 187ms)
 GET /products/products-page-pen-1 200 in 195ms (next.js: 36ms, generate-params: 15µs, application-code: 159ms)
 GET /products/products-page-pen-1 200 in 175ms (next.js: 6ms, generate-params: 20µs, application-code: 169ms)
 GET /products/products-page-pen-1 200 in 183ms (next.js: 6ms, generate-params: 25µs, application-code: 177ms)
 GET /products/products-page-pen-1 200 in 197ms (next.js: 13ms, generate-params: 26µs, application-code: 184ms)
 GET /products/products-page-pen-1 200 in 199ms (next.js: 7ms, generate-params: 61µs, application-code: 192ms)
 GET /products/products-page-pen-1 200 in 235ms (next.js: 15ms, generate-params: 6ms, application-code: 220ms)
 GET /products/products-page-pen-1 200 in 236ms (next.js: 50ms, generate-params: 20µs, application-code: 186ms)
 GET /products/products-page-pen-1 200 in 183ms (next.js: 15ms, generate-params: 181µs, application-code: 167ms)
 GET /products/products-page-pen-1 200 in 182ms (next.js: 8ms, generate-params: 18µs, application-code: 175ms)
 GET /products/products-page-pen-1 200 in 222ms (next.js: 36ms, generate-params: 32µs, application-code: 186ms)
 GET /products/products-page-pen-1 200 in 193ms (next.js: 11ms, generate-params: 31µs, application-code: 182ms)
 GET /products/products-page-pen-1 200 in 212ms (next.js: 10ms, generate-params: 45µs, application-code: 202ms)
 GET /products/products-page-pen-1 200 in 213ms (next.js: 55ms, generate-params: 35µs, application-code: 158ms)
 GET /products/products-page-pen-1 200 in 154ms (next.js: 10ms, generate-params: 21µs, application-code: 144ms)
 GET /products/products-page-pen-1 200 in 154ms (next.js: 12ms, generate-params: 51µs, application-code: 142ms)
 GET /products/products-page-pen-1 200 in 180ms (next.js: 35ms, generate-params: 25µs, application-code: 146ms)
 GET /products/products-page-pen-1 200 in 151ms (next.js: 7ms, generate-params: 24µs, application-code: 145ms)
 GET /products/products-page-pen-1 200 in 189ms (next.js: 7ms, generate-params: 26µs, application-code: 182ms)
 GET /products/products-page-pen-1 200 in 152ms (next.js: 7ms, generate-params: 21µs, application-code: 145ms)
 GET /products/products-page-pen-1 200 in 150ms (next.js: 6ms, generate-params: 35µs, application-code: 144ms)
 GET /products/products-page-pen-1 200 in 124ms (next.js: 5ms, generate-params: 20µs, application-code: 119ms)
 GET /products/products-page-pen-1 200 in 122ms (next.js: 12ms, generate-params: 6ms, application-code: 110ms)
 GET /products/products-page-pen-1 200 in 143ms (next.js: 9ms, generate-params: 25µs, application-code: 134ms)
 GET /products/products-page-pen-1 200 in 132ms (next.js: 6ms, generate-params: 18µs, application-code: 126ms)
 GET /products/products-page-pen-1 200 in 111ms (next.js: 7ms, generate-params: 31µs, application-code: 104ms)
 GET /products/products-page-pen-1 200 in 112ms (next.js: 5ms, generate-params: 17µs, application-code: 107ms)
 GET /products/products-page-pen-1 200 in 91ms (next.js: 5ms, generate-params: 18µs, application-code: 87ms)
 GET /products/products-page-pen-1 200 in 121ms (next.js: 4ms, generate-params: 17µs, application-code: 117ms)
 GET /products/products-page-pen-1 200 in 173ms (next.js: 7ms, generate-params: 49µs, application-code: 166ms)
 GET /products/products-page-pen-1 200 in 184ms (next.js: 7ms, generate-params: 98µs, application-code: 176ms)
 GET /products/products-page-pen-1 200 in 160ms (next.js: 5ms, generate-params: 17µs, application-code: 155ms)
 GET /products/products-page-pen-1 200 in 182ms (next.js: 6ms, generate-params: 36µs, application-code: 175ms)
 GET /products/products-page-pen-1 200 in 186ms (next.js: 5ms, generate-params: 23µs, application-code: 181ms)
 GET /products/products-page-pen-1 200 in 180ms (next.js: 12ms, generate-params: 50µs, application-code: 167ms)
 GET /products/products-page-pen-1 200 in 197ms (next.js: 10ms, generate-params: 33µs, application-code: 187ms)
 GET /products/products-page-pen-1 200 in 170ms (next.js: 7ms, generate-params: 23µs, application-code: 163ms)
 GET /products/products-page-pen-1 200 in 140ms (next.js: 19ms, generate-params: 34µs, application-code: 121ms)
 GET /products/products-page-pen-1 200 in 122ms (next.js: 12ms, generate-params: 5ms, application-code: 110ms)
 GET /products/products-page-pen-1 200 in 88ms (next.js: 5ms, generate-params: 17µs, application-code: 83ms)
 GET /products/products-page-pen-1 200 in 66ms (next.js: 5ms, generate-params: 18µs, application-code: 61ms)
 GET /products/products-page-pen-1 200 in 38ms (next.js: 5ms, generate-params: 18µs, application-code: 33ms)
 GET /printing 200 in 380ms (next.js: 81ms, application-code: 299ms)
 GET /printing 200 in 64ms (next.js: 7ms, application-code: 56ms)
 GET /categories 200 in 237ms (next.js: 164ms, application-code: 73ms)
✓ Compiled in 47ms
 GET /products/products-page-pen-1 200 in 156ms (next.js: 113ms, generate-params: 58ms, application-code: 44ms)
 GET /categories 200 in 267ms (next.js: 62ms, application-code: 205ms)
 GET /cart 200 in 186ms (next.js: 139ms, application-code: 47ms)
✓ Compiled in 43ms
 GET /cart 200 in 159ms (next.js: 70ms, application-code: 89ms)
 GET /products/products-page-pen-1 200 in 59ms (next.js: 26ms, generate-params: 5ms, application-code: 33ms)
✓ Compiled in 45ms
 GET /cart 200 in 171ms (next.js: 61ms, application-code: 110ms)
 GET /products/products-page-pen-1 200 in 80ms (next.js: 25ms, generate-params: 5ms, application-code: 55ms)
 GET /printing 200 in 275ms (next.js: 17ms, application-code: 258ms)
 GET /checkout 200 in 2.8s (next.js: 2.7s, application-code: 81ms)
 GET /checkout 200 in 46ms (next.js: 8ms, application-code: 38ms)
 GET /printing 200 in 53ms (next.js: 5ms, application-code: 48ms)
 GET /cart 200 in 80ms (next.js: 7ms, application-code: 72ms)
[?25h

D:\websites\warqandqlam>